[2025-02-27T00:12:24.613271] Starte Test der asynchronen Batch-Eventverarbeitung...
Parameter: startEvent=0, countEvents=1
[2025-02-27T00:12:24.613271] Pr³fe API-Server...
[2025-02-27T00:12:28.678842] API-Server lõuft auf http://localhost:5001
[2025-02-27T00:12:28.678842] L÷sche vorhandene Webhook-Logs...
Webhook-Logs gel÷scht: 1 Webhook-Callbacks gel÷scht
Geladen: 1 Events, beginnend mit Index 0
Verarbeite 1 Events:
  1. FOSDEM 2025 - Closing FOSDEM 2025
[2025-02-27T00:12:30.713857] Sende Batch-Anfrage mit 1 Events...
[2025-02-27T00:12:58.191928] Initiale Antwort erhalten:
Status: success
Batch-ID: batch-test-1740611550
Event-Anzahl: None
[2025-02-27T00:12:58.191928] Warte auf die asynchrone Verarbeitung...
[2025-02-27T00:12:58.191928] Warte seit 0 Sekunden auf Verarbeitung...
Bisher 1 Webhooks empfangen (neu: 1)
Alle 1 Webhooks empfangen! Verarbeitung abgeschlossen.
[2025-02-27T00:13:00.222807] Test abgeschlossen.
[2025-02-27T00:13:00.222807] Pr³fe Webhook-Logs...
Gefundene Webhook-Logs: 1
Timestamp: 2025-02-27T00:12:58.097802
Event-ID: batch-test-1740611550_0
Success: True
Datei: events\FOSDEM 2025\Keynotes-13\Sunday-1750-Closing-FOSDEM-2025\Closing-FOSDEM-2025.md
Datei existiert: Ja (13233 Bytes)
--------------------------------------------------
